// Jest Snapshot v1, https://goo.gl/fbAQLP

exports[`Details Component renders 1`] = `
<DocumentFragment>
  <div
    class="Loader"
  >
    <div />
    <div />
    <div />
    <div />
  </div>
</DocumentFragment>
`;
