// Jest Snapshot v1, https://goo.gl/fbAQLP

exports[`Home Component renders 1`] = `
<div>
  <h1>
    Bienvenido a mercado libre
  </h1>
</div>
`;
